Copyright 1986-2020 Xilinx, Inc. All Rights Reserved.
------------------------------------------------------------------------------------------------------------
| Tool Version : Vivado v.2020.1 (lin64) Build 2902540 Wed May 27 19:54:35 MDT 2020
| Date         : Sat Jan 18 16:50:46 2025
| Host         : LAPTOP-I4I07TAE running 64-bit Ubuntu 24.04.1 LTS
| Command      : report_utilization -hierarchical -file digilent_arty_s7_utilization_hierarchical_synth.rpt
| Design       : digilent_arty_s7
| Device       : 7s50csga324-1
| Design State : Synthesized
------------------------------------------------------------------------------------------------------------

Utilization Design Information

Table of Contents
-----------------
1. Utilization by Hierarchy

1. Utilization by Hierarchy
---------------------------

+----------------------------+------------------+------------+------------+---------+------+------+--------+--------+------------+
|          Instance          |      Module      | Total LUTs | Logic LUTs | LUTRAMs | SRLs |  FFs | RAMB36 | RAMB18 | DSP Blocks |
+----------------------------+------------------+------------+------------+---------+------+------+--------+--------+------------+
| digilent_arty_s7           |            (top) |       4762 |       4616 |     144 |    2 | 3747 |     11 |     25 |          4 |
|   (digilent_arty_s7)       |            (top) |       2338 |       2192 |     144 |    2 | 2284 |     10 |     17 |          0 |
|   VexRiscv                 |         VexRiscv |       2424 |       2424 |       0 |    0 | 1463 |      1 |      8 |          4 |
|     (VexRiscv)             |         VexRiscv |       1156 |       1156 |       0 |    0 | 1287 |      0 |      2 |          4 |
|     IBusCachedPlugin_cache | InstructionCache |        560 |        560 |       0 |    0 |  111 |      1 |      1 |          0 |
|     dataCache_1            |        DataCache |        708 |        708 |       0 |    0 |   65 |      0 |      5 |          0 |
+----------------------------+------------------+------------+------------+---------+------+------+--------+--------+------------+


