Copyright 1986-2020 Xilinx, Inc. All Rights Reserved.
------------------------------------------------------------------------------------------------------------
| Tool Version : Vivado v.2020.1 (lin64) Build 2902540 Wed May 27 19:54:35 MDT 2020
| Date         : Sat Jan 18 16:06:20 2025
| Host         : LAPTOP-I4I07TAE running 64-bit Ubuntu 24.04.1 LTS
| Command      : report_utilization -hierarchical -file digilent_arty_s7_utilization_hierarchical_place.rpt
| Design       : digilent_arty_s7
| Device       : 7s50csga324-1
| Design State : Fully Placed
------------------------------------------------------------------------------------------------------------

Utilization Design Information

Table of Contents
-----------------
1. Utilization by Hierarchy

1. Utilization by Hierarchy
---------------------------

+----------------------------+------------------+------------+------------+---------+------+------+--------+--------+------------+
|          Instance          |      Module      | Total LUTs | Logic LUTs | LUTRAMs | SRLs |  FFs | RAMB36 | RAMB18 | DSP Blocks |
+----------------------------+------------------+------------+------------+---------+------+------+--------+--------+------------+
| digilent_arty_s7           |            (top) |       3905 |       3759 |     144 |    2 | 3350 |     10 |     22 |          0 |
|   (digilent_arty_s7)       |            (top) |       2262 |       2116 |     144 |    2 | 2281 |     10 |     17 |          0 |
|   VexRiscv                 |         VexRiscv |       1644 |       1644 |       0 |    0 | 1069 |      0 |      5 |          0 |
|     (VexRiscv)             |         VexRiscv |       1136 |       1136 |       0 |    0 |  965 |      0 |      3 |          0 |
|     IBusCachedPlugin_cache | InstructionCache |        514 |        514 |       0 |    0 |  104 |      0 |      2 |          0 |
+----------------------------+------------------+------------+------------+---------+------+------+--------+--------+------------+
* Note: The sum of lower-level cells may be larger than their parent cells total, due to cross-hierarchy LUT combining


